Archive member included because of file (symbol)

c:/ac6/systemworkbench/plugins/fr.ac6.mcu.externaltools.arm-none.win32_1.3.0.201507241045/tools/compiler/bin/../lib/gcc/arm-none-eabi/4.9.3/armv7-m\libgcc.a(_lshrdi3.o)
                              Drivers/STM32F1xx_HAL_Driver/stm32f1xx_hal_flash.o (__aeabi_llsr)
c:/ac6/systemworkbench/plugins/fr.ac6.mcu.externaltools.arm-none.win32_1.3.0.201507241045/tools/compiler/bin/../lib/gcc/arm-none-eabi/4.9.3/armv7-m\libgcc.a(_arm_addsubsf3.o)
                              Application/User/main.o (__aeabi_fadd)
c:/ac6/systemworkbench/plugins/fr.ac6.mcu.externaltools.arm-none.win32_1.3.0.201507241045/tools/compiler/bin/../lib/gcc/arm-none-eabi/4.9.3/armv7-m\libgcc.a(_arm_muldivsf3.o)
                              Application/User/main.o (__aeabi_fmul)
c:/ac6/systemworkbench/plugins/fr.ac6.mcu.externaltools.arm-none.win32_1.3.0.201507241045/tools/compiler/bin/../lib/gcc/arm-none-eabi/4.9.3/armv7-m\libgcc.a(_arm_fixunssfsi.o)
                              Application/User/main.o (__aeabi_f2uiz)
c:/ac6/systemworkbench/plugins/fr.ac6.mcu.externaltools.arm-none.win32_1.3.0.201507241045/tools/compiler/bin/../lib/gcc/arm-none-eabi/4.9.3/../../../../arm-none-eabi/lib/armv7-m\libc_nano.a(lib_a-exit.o)
                              c:/ac6/systemworkbench/plugins/fr.ac6.mcu.externaltools.arm-none.win32_1.3.0.201507241045/tools/compiler/bin/../lib/gcc/arm-none-eabi/4.9.3/../../../../arm-none-eabi/lib/armv7-m/crt0.o (exit)
c:/ac6/systemworkbench/plugins/fr.ac6.mcu.externaltools.arm-none.win32_1.3.0.201507241045/tools/compiler/bin/../lib/gcc/arm-none-eabi/4.9.3/../../../../arm-none-eabi/lib/armv7-m\libc_nano.a(lib_a-impure.o)
                              c:/ac6/systemworkbench/plugins/fr.ac6.mcu.externaltools.arm-none.win32_1.3.0.201507241045/tools/compiler/bin/../lib/gcc/arm-none-eabi/4.9.3/../../../../arm-none-eabi/lib/armv7-m\libc_nano.a(lib_a-exit.o) (_global_impure_ptr)
c:/ac6/systemworkbench/plugins/fr.ac6.mcu.externaltools.arm-none.win32_1.3.0.201507241045/tools/compiler/bin/../lib/gcc/arm-none-eabi/4.9.3/../../../../arm-none-eabi/lib/armv7-m\libc_nano.a(lib_a-init.o)
                              c:/ac6/systemworkbench/plugins/fr.ac6.mcu.externaltools.arm-none.win32_1.3.0.201507241045/tools/compiler/bin/../lib/gcc/arm-none-eabi/4.9.3/../../../../arm-none-eabi/lib/armv7-m/crt0.o (__libc_init_array)
c:/ac6/systemworkbench/plugins/fr.ac6.mcu.externaltools.arm-none.win32_1.3.0.201507241045/tools/compiler/bin/../lib/gcc/arm-none-eabi/4.9.3/../../../../arm-none-eabi/lib/armv7-m\libc_nano.a(lib_a-memset.o)
                              c:/ac6/systemworkbench/plugins/fr.ac6.mcu.externaltools.arm-none.win32_1.3.0.201507241045/tools/compiler/bin/../lib/gcc/arm-none-eabi/4.9.3/../../../../arm-none-eabi/lib/armv7-m/crt0.o (memset)
c:/ac6/systemworkbench/plugins/fr.ac6.mcu.externaltools.arm-none.win32_1.3.0.201507241045/tools/compiler/bin/../lib/gcc/arm-none-eabi/4.9.3/../../../../arm-none-eabi/lib/armv7-m\libnosys.a(_exit.o)
                              c:/ac6/systemworkbench/plugins/fr.ac6.mcu.externaltools.arm-none.win32_1.3.0.201507241045/tools/compiler/bin/../lib/gcc/arm-none-eabi/4.9.3/../../../../arm-none-eabi/lib/armv7-m\libc_nano.a(lib_a-exit.o) (_exit)

Allocating common symbols
Common symbol       size              file

hadc2               0x30              Application/User/adc.o
pFlash              0x20              Drivers/STM32F1xx_HAL_Driver/stm32f1xx_hal_flash.o
htim3               0x3c              Application/User/tim.o
hadc1               0x30              Application/User/adc.o

Discarded input sections

 .text          0x00000000        0x0 c:/ac6/systemworkbench/plugins/fr.ac6.mcu.externaltools.arm-none.win32_1.3.0.201507241045/tools/compiler/bin/../lib/gcc/arm-none-eabi/4.9.3/armv7-m/crti.o
 .data          0x00000000        0x0 c:/ac6/systemworkbench/plugins/fr.ac6.mcu.externaltools.arm-none.win32_1.3.0.201507241045/tools/compiler/bin/../lib/gcc/arm-none-eabi/4.9.3/armv7-m/crti.o
 .bss           0x00000000        0x0 c:/ac6/systemworkbench/plugins/fr.ac6.mcu.externaltools.arm-none.win32_1.3.0.201507241045/tools/compiler/bin/../lib/gcc/arm-none-eabi/4.9.3/armv7-m/crti.o
 .data          0x00000000        0x4 c:/ac6/systemworkbench/plugins/fr.ac6.mcu.externaltools.arm-none.win32_1.3.0.201507241045/tools/compiler/bin/../lib/gcc/arm-none-eabi/4.9.3/armv7-m/crtbegin.o
 .text          0x00000000       0x74 c:/ac6/systemworkbench/plugins/fr.ac6.mcu.externaltools.arm-none.win32_1.3.0.201507241045/tools/compiler/bin/../lib/gcc/arm-none-eabi/4.9.3/../../../../arm-none-eabi/lib/armv7-m/crt0.o
 .data          0x00000000        0x0 c:/ac6/systemworkbench/plugins/fr.ac6.mcu.externaltools.arm-none.win32_1.3.0.201507241045/tools/compiler/bin/../lib/gcc/arm-none-eabi/4.9.3/../../../../arm-none-eabi/lib/armv7-m/crt0.o
[...]
Memory Configuration

Name             Origin             Length             Attributes
FLASH            0x08000000         0x00010000         xr
RAM              0x20000000         0x00005000         xrw
*default*        0x00000000         0xffffffff

Linker script and memory map

LOAD c:/ac6/systemworkbench/plugins/fr.ac6.mcu.externaltools.arm-none.win32_1.3.0.201507241045/tools/compiler/bin/../lib/gcc/arm-none-eabi/4.9.3/armv7-m/crti.o
LOAD c:/ac6/systemworkbench/plugins/fr.ac6.mcu.externaltools.arm-none.win32_1.3.0.201507241045/tools/compiler/bin/../lib/gcc/arm-none-eabi/4.9.3/armv7-m/crtbegin.o
LOAD c:/ac6/systemworkbench/plugins/fr.ac6.mcu.externaltools.arm-none.win32_1.3.0.201507241045/tools/compiler/bin/../lib/gcc/arm-none-eabi/4.9.3/../../../../arm-none-eabi/lib/armv7-m/crt0.o
LOAD c:/ac6/systemworkbench/plugins/fr.ac6.mcu.externaltools.arm-none.win32_1.3.0.201507241045/tools/compiler/bin/../lib/gcc/arm-none-eabi/4.9.3/../../../../arm-none-eabi/lib/armv7-m\libm.a
LOAD Drivers/STM32F1xx_HAL_Driver/stm32f1xx_hal.o
LOAD Drivers/STM32F1xx_HAL_Driver/stm32f1xx_hal_adc.o
LOAD Drivers/STM32F1xx_HAL_Driver/stm32f1xx_hal_adc_ex.o
LOAD Drivers/STM32F1xx_HAL_Driver/stm32f1xx_hal_cortex.o
LOAD Drivers/STM32F1xx_HAL_Driver/stm32f1xx_hal_dma.o
LOAD Drivers/STM32F1xx_HAL_Driver/stm32f1xx_hal_flash.o
LOAD Drivers/STM32F1xx_HAL_Driver/stm32f1xx_hal_flash_ex.o
LOAD Drivers/STM32F1xx_HAL_Driver/stm32f1xx_hal_gpio.o
LOAD Drivers/STM32F1xx_HAL_Driver/stm32f1xx_hal_pwr.o
LOAD Drivers/STM32F1xx_HAL_Driver/stm32f1xx_hal_rcc.o
LOAD Drivers/STM32F1xx_HAL_Driver/stm32f1xx_hal_rcc_ex.o
LOAD Drivers/STM32F1xx_HAL_Driver/stm32f1xx_hal_tim.o
LOAD Drivers/STM32F1xx_HAL_Driver/stm32f1xx_hal_tim_ex.o
LOAD Drivers/CMSIS/system_stm32f1xx.o
LOAD Application/User/adc.o
LOAD Application/User/gpio.o
LOAD Application/User/main.o
LOAD Application/User/stm32f1xx_hal_msp.o
LOAD Application/User/stm32f1xx_it.o
LOAD Application/User/tim.o
LOAD Application/SW4STM32/startup_stm32f103xb.o
START GROUP
LOAD c:/ac6/systemworkbench/plugins/fr.ac6.mcu.externaltools.arm-none.win32_1.3.0.201507241045/tools/compiler/bin/../lib/gcc/arm-none-eabi/4.9.3/armv7-m\libgcc.a
LOAD c:/ac6/systemworkbench/plugins/fr.ac6.mcu.externaltools.arm-none.win32_1.3.0.201507241045/tools/compiler/bin/../lib/gcc/arm-none-eabi/4.9.3/../../../../arm-none-eabi/lib/armv7-m\libc_nano.a
END GROUP
START GROUP
LOAD c:/ac6/systemworkbench/plugins/fr.ac6.mcu.externaltools.arm-none.win32_1.3.0.201507241045/tools/compiler/bin/../lib/gcc/arm-none-eabi/4.9.3/armv7-m\libgcc.a
LOAD c:/ac6/systemworkbench/plugins/fr.ac6.mcu.externaltools.arm-none.win32_1.3.0.201507241045/tools/compiler/bin/../lib/gcc/arm-none-eabi/4.9.3/../../../../arm-none-eabi/lib/armv7-m\libc_nano.a
LOAD c:/ac6/systemworkbench/plugins/fr.ac6.mcu.externaltools.arm-none.win32_1.3.0.201507241045/tools/compiler/bin/../lib/gcc/arm-none-eabi/4.9.3/../../../../arm-none-eabi/lib/armv7-m\libnosys.a
END GROUP
START GROUP
LOAD c:/ac6/systemworkbench/plugins/fr.ac6.mcu.externaltools.arm-none.win32_1.3.0.201507241045/tools/compiler/bin/../lib/gcc/arm-none-eabi/4.9.3/armv7-m\libgcc.a
LOAD c:/ac6/systemworkbench/plugins/fr.ac6.mcu.externaltools.arm-none.win32_1.3.0.201507241045/tools/compiler/bin/../lib/gcc/arm-none-eabi/4.9.3/../../../../arm-none-eabi/lib/armv7-m\libc_nano.a
LOAD c:/ac6/systemworkbench/plugins/fr.ac6.mcu.externaltools.arm-none.win32_1.3.0.201507241045/tools/compiler/bin/../lib/gcc/arm-none-eabi/4.9.3/../../../../arm-none-eabi/lib/armv7-m\libnosys.a
END GROUP
LOAD c:/ac6/systemworkbench/plugins/fr.ac6.mcu.externaltools.arm-none.win32_1.3.0.201507241045/tools/compiler/bin/../lib/gcc/arm-none-eabi/4.9.3/armv7-m/crtend.o
LOAD c:/ac6/systemworkbench/plugins/fr.ac6.mcu.externaltools.arm-none.win32_1.3.0.201507241045/tools/compiler/bin/../lib/gcc/arm-none-eabi/4.9.3/armv7-m/crtn.o
                0x20005000                _estack = 0x20005000
                0x00000200                _Min_Heap_Size = 0x200
                0x00000400                _Min_Stack_Size = 0x400

.isr_vector     0x08000000      0x10c
                0x08000000                . = ALIGN (0x4)
 *(.isr_vector)
 .isr_vector    0x08000000      0x10c Application/SW4STM32/startup_stm32f103xb.o
                0x08000000                g_pfnVectors
                0x0800010c                . = ALIGN (0x4)

.text           0x0800010c     0x2b3c
                0x0800010c                . = ALIGN (0x4)
 *(.text)
 .text          0x0800010c       0x5c c:/ac6/systemworkbench/plugins/fr.ac6.mcu.externaltools.arm-none.win32_1.3.0.201507241045/tools/compiler/bin/../lib/gcc/arm-none-eabi/4.9.3/armv7-m/crtbegin.o
 .text          0x08000168      0x21c c:/ac6/systemworkbench/plugins/fr.ac6.mcu.externaltools.arm-none.win32_1.3.0.201507241045/tools/compiler/bin/../lib/gcc/arm-none-eabi/4.9.3/armv7-m\libgcc.a(_arm_addsubsf3.o)
                0x08000168                __aeabi_frsub
                0x08000170                __subsf3
                0x08000170                __aeabi_fsub
                0x08000174                __aeabi_fadd
                0x08000174                __addsf3
                0x080002d4                __aeabi_ui2f
                0x080002d4                __floatunsisf
                0x080002dc                __aeabi_i2f
                0x080002dc                __floatsisf
                0x080002f8                __aeabi_ul2f
                0x080002f8                __floatundisf
                0x08000308                __aeabi_l2f
                0x08000308                __floatdisf
 .text          0x08000384      0x2a0 c:/ac6/systemworkbench/plugins/fr.ac6.mcu.externaltools.arm-none.win32_1.3.0.201507241045/tools/compiler/bin/../lib/gcc/arm-none-eabi/4.9.3/armv7-m\libgcc.a(_arm_muldivsf3.o)
                0x08000384                __mulsf3
                0x08000384                __aeabi_fmul
                0x080004ec                __aeabi_fdiv
                0x080004ec                __divsf3
 .text          0x08000624       0x40 c:/ac6/systemworkbench/plugins/fr.ac6.mcu.externaltools.arm-none.win32_1.3.0.201507241045/tools/compiler/bin/../lib/gcc/arm-none-eabi/4.9.3/armv7-m\libgcc.a(_arm_fixunssfsi.o)
                0x08000624                __fixunssfsi
                0x08000624                __aeabi_f2uiz
 *(.text*)
 .text.HAL_InitTick
                0x08000664       0x24 Drivers/STM32F1xx_HAL_Driver/stm32f1xx_hal.o
                0x08000664                HAL_InitTick
 .text.HAL_Init
                0x08000688       0x24 Drivers/STM32F1xx_HAL_Driver/stm32f1xx_hal.o
                0x08000688                HAL_Init
 .text.HAL_IncTick
                0x080006ac       0x10 Drivers/STM32F1xx_HAL_Driver/stm32f1xx_hal.o
                0x080006ac                HAL_IncTick
 .text.HAL_GetTick
                0x080006bc        0xc Drivers/STM32F1xx_HAL_Driver/stm32f1xx_hal.o
                0x080006bc                HAL_GetTick
 .text.HAL_Delay
                0x080006c8       0x1a Drivers/STM32F1xx_HAL_Driver/stm32f1xx_hal.o
                0x080006c8                HAL_Delay
 *fill*         0x080006e2        0x2 
 .text.HAL_ADC_PollForConversion
                0x080006e4      0x170 Drivers/STM32F1xx_HAL_Driver/stm32f1xx_hal_adc.o
                0x080006e4                HAL_ADC_PollForConversion
 .text.HAL_ADC_GetValue
                0x08000854       0x2c Drivers/STM32F1xx_HAL_Driver/stm32f1xx_hal_adc.o
                0x08000854                HAL_ADC_GetValue
 .text.HAL_ADC_ConvCpltCallback
                0x08000880        0x2 Drivers/STM32F1xx_HAL_Driver/stm32f1xx_hal_adc.o
                0x08000880                HAL_ADC_ConvCpltCallback
 .text.HAL_ADC_LevelOutOfWindowCallback
                0x08000882        0x2 Drivers/STM32F1xx_HAL_Driver/stm32f1xx_hal_adc.o
                0x08000882                HAL_ADC_LevelOutOfWindowCallback
 .text.HAL_ADC_IRQHandler
                0x08000884      0x130 Drivers/STM32F1xx_HAL_Driver/stm32f1xx_hal_adc.o
                0x08000884                HAL_ADC_IRQHandler
 .text.HAL_ADC_ConfigChannel
                0x080009b4      0x1cc Drivers/STM32F1xx_HAL_Driver/stm32f1xx_hal_adc.o
                0x080009b4                HAL_ADC_ConfigChannel
 .text.ADC_Enable
                0x08000b80       0x70 Drivers/STM32F1xx_HAL_Driver/stm32f1xx_hal_adc.o
                0x08000b80                ADC_Enable
 .text.HAL_ADC_Start
                0x08000bf0       0xe4 Drivers/STM32F1xx_HAL_Driver/stm32f1xx_hal_adc.o
                0x08000bf0                HAL_ADC_Start
 .text.ADC_ConversionStop_Disable
                0x08000cd4       0x44 Drivers/STM32F1xx_HAL_Driver/stm32f1xx_hal_adc.o
                0x08000cd4                ADC_ConversionStop_Disable
 .text.HAL_ADC_Init
                0x08000d18      0x1dc Drivers/STM32F1xx_HAL_Driver/stm32f1xx_hal_adc.o
                0x08000d18                HAL_ADC_Init
 .text.HAL_ADC_Stop
                0x08000ef4       0x58 Drivers/STM32F1xx_HAL_Driver/stm32f1xx_hal_adc.o
                0x08000ef4                HAL_ADC_Stop
 .text.HAL_ADCEx_InjectedConvCpltCallback
                0x08000f4c        0x2 Drivers/STM32F1xx_HAL_Driver/stm32f1xx_hal_adc_ex.o
                0x08000f4c                HAL_ADCEx_InjectedConvCpltCallback
 *fill*         0x08000f4e        0x2 
 .text.HAL_NVIC_SetPriorityGrouping
                0x08000f50       0x38 Drivers/STM32F1xx_HAL_Driver/stm32f1xx_hal_cortex.o
                0x08000f50                HAL_NVIC_SetPriorityGrouping
 .text.HAL_NVIC_SetPriority
                0x08000f88       0x84 Drivers/STM32F1xx_HAL_Driver/stm32f1xx_hal_cortex.o
                0x08000f88                HAL_NVIC_SetPriority
 .text.HAL_NVIC_EnableIRQ
                0x0800100c       0x28 Drivers/STM32F1xx_HAL_Driver/stm32f1xx_hal_cortex.o
                0x0800100c                HAL_NVIC_EnableIRQ
 .text.HAL_SYSTICK_Config
                0x08001034       0x2c Drivers/STM32F1xx_HAL_Driver/stm32f1xx_hal_cortex.o
                0x08001034                HAL_SYSTICK_Config
 .text.HAL_SYSTICK_CLKSourceConfig
                0x08001060       0x30 Drivers/STM32F1xx_HAL_Driver/stm32f1xx_hal_cortex.o
                0x08001060                HAL_SYSTICK_CLKSourceConfig
 .text.HAL_SYSTICK_Callback
                0x08001090        0x2 Drivers/STM32F1xx_HAL_Driver/stm32f1xx_hal_cortex.o
                0x08001090                HAL_SYSTICK_Callback
 .text.HAL_SYSTICK_IRQHandler
                0x08001092        0x8 Drivers/STM32F1xx_HAL_Driver/stm32f1xx_hal_cortex.o
                0x08001092                HAL_SYSTICK_IRQHandler
 *fill*         0x0800109a        0x2 
 .text.HAL_GPIO_Init
                0x0800109c      0x28c Drivers/STM32F1xx_HAL_Driver/stm32f1xx_hal_gpio.o
                0x0800109c                HAL_GPIO_Init
 .text.HAL_RCC_OscConfig
                0x08001328      0x644 Drivers/STM32F1xx_HAL_Driver/stm32f1xx_hal_rcc.o
                0x08001328                HAL_RCC_OscConfig
 .text.HAL_RCC_ClockConfig
                0x0800196c      0x2e0 Drivers/STM32F1xx_HAL_Driver/stm32f1xx_hal_rcc.o
                0x0800196c                HAL_RCC_ClockConfig
 .text.HAL_RCC_GetSysClockFreq
                0x08001c4c       0x90 Drivers/STM32F1xx_HAL_Driver/stm32f1xx_hal_rcc.o
                0x08001c4c                HAL_RCC_GetSysClockFreq
 .text.HAL_RCC_GetHCLKFreq
                0x08001cdc       0x34 Drivers/STM32F1xx_HAL_Driver/stm32f1xx_hal_rcc.o
                0x08001cdc                HAL_RCC_GetHCLKFreq
 .text.HAL_RCC_GetPCLK2Freq
                0x08001d10       0x30 Drivers/STM32F1xx_HAL_Driver/stm32f1xx_hal_rcc.o
                0x08001d10                HAL_RCC_GetPCLK2Freq
 .text.HAL_RCCEx_PeriphCLKConfig
                0x08001d40      0x158 Drivers/STM32F1xx_HAL_Driver/stm32f1xx_hal_rcc_ex.o
                0x08001d40                HAL_RCCEx_PeriphCLKConfig
 .text.HAL_RCCEx_GetPeriphCLKFreq
                0x08001e98      0x124 Drivers/STM32F1xx_HAL_Driver/stm32f1xx_hal_rcc_ex.o
                0x08001e98                HAL_RCCEx_GetPeriphCLKFreq
 .text.TIM_OC1_SetConfig
                0x08001fbc       0x94 Drivers/STM32F1xx_HAL_Driver/stm32f1xx_hal_tim.o
 .text.TIM_OC3_SetConfig
                0x08002050       0xa4 Drivers/STM32F1xx_HAL_Driver/stm32f1xx_hal_tim.o
 .text.TIM_OC4_SetConfig
                0x080020f4       0x68 Drivers/STM32F1xx_HAL_Driver/stm32f1xx_hal_tim.o
 .text.HAL_TIM_PeriodElapsedCallback
                0x0800215c        0x2 Drivers/STM32F1xx_HAL_Driver/stm32f1xx_hal_tim.o
                0x0800215c                HAL_TIM_PeriodElapsedCallback
 .text.HAL_TIM_OC_DelayElapsedCallback
                0x0800215e        0x2 Drivers/STM32F1xx_HAL_Driver/stm32f1xx_hal_tim.o
                0x0800215e                HAL_TIM_OC_DelayElapsedCallback
 .text.HAL_TIM_IC_CaptureCallback
                0x08002160        0x2 Drivers/STM32F1xx_HAL_Driver/stm32f1xx_hal_tim.o
                0x08002160                HAL_TIM_IC_CaptureCallback
 .text.HAL_TIM_PWM_PulseFinishedCallback
                0x08002162        0x2 Drivers/STM32F1xx_HAL_Driver/stm32f1xx_hal_tim.o
                0x08002162                HAL_TIM_PWM_PulseFinishedCallback
 .text.HAL_TIM_TriggerCallback
                0x08002164        0x2 Drivers/STM32F1xx_HAL_Driver/stm32f1xx_hal_tim.o
                0x08002164                HAL_TIM_TriggerCallback
 .text.HAL_TIM_IRQHandler
                0x08002166      0x144 Drivers/STM32F1xx_HAL_Driver/stm32f1xx_hal_tim.o
                0x08002166                HAL_TIM_IRQHandler
 *fill*         0x080022aa        0x2 
 .text.TIM_Base_SetConfig
                0x080022ac       0x68 Drivers/STM32F1xx_HAL_Driver/stm32f1xx_hal_tim.o
                0x080022ac                TIM_Base_SetConfig
 .text.HAL_TIM_PWM_Init
                0x08002314       0xa0 Drivers/STM32F1xx_HAL_Driver/stm32f1xx_hal_tim.o
                0x08002314                HAL_TIM_PWM_Init
 .text.TIM_OC2_SetConfig
                0x080023b4       0xa8 Drivers/STM32F1xx_HAL_Driver/stm32f1xx_hal_tim.o
                0x080023b4                TIM_OC2_SetConfig
 .text.HAL_TIM_PWM_ConfigChannel
                0x0800245c      0x1cc Drivers/STM32F1xx_HAL_Driver/stm32f1xx_hal_tim.o
                0x0800245c                HAL_TIM_PWM_ConfigChannel
 .text.TIM_CCxChannelCmd
                0x08002628       0x64 Drivers/STM32F1xx_HAL_Driver/stm32f1xx_hal_tim.o
                0x08002628                TIM_CCxChannelCmd
 .text.HAL_TIM_PWM_Start
                0x0800268c       0x64 Drivers/STM32F1xx_HAL_Driver/stm32f1xx_hal_tim.o
                0x0800268c                HAL_TIM_PWM_Start
 .text.HAL_TIMEx_MasterConfigSynchronization
                0x080026f0       0x9c Drivers/STM32F1xx_HAL_Driver/stm32f1xx_hal_tim_ex.o
                0x080026f0                HAL_TIMEx_MasterConfigSynchronization
 .text.HAL_TIMEx_CommutationCallback
                0x0800278c        0x2 Drivers/STM32F1xx_HAL_Driver/stm32f1xx_hal_tim_ex.o
                0x0800278c                HAL_TIMEx_CommutationCallback
 .text.HAL_TIMEx_BreakCallback
                0x0800278e        0x2 Drivers/STM32F1xx_HAL_Driver/stm32f1xx_hal_tim_ex.o
                0x0800278e                HAL_TIMEx_BreakCallback
 .text.SystemInit
                0x08002790       0x4c Drivers/CMSIS/system_stm32f1xx.o
                0x08002790                SystemInit
 .text.MX_ADC1_Init
                0x080027dc       0x3c Application/User/adc.o
                0x080027dc                MX_ADC1_Init
 .text.MX_ADC2_Init
                0x08002818       0x40 Application/User/adc.o
                0x08002818                MX_ADC2_Init
 .text.HAL_ADC_MspInit
                0x08002858       0x74 Application/User/adc.o
                0x08002858                HAL_ADC_MspInit
 .text.MX_GPIO_Init
                0x080028cc       0x20 Application/User/gpio.o
                0x080028cc                MX_GPIO_Init
 .text.SystemClock_Config
                0x080028ec       0x6a Application/User/main.o
                0x080028ec                SystemClock_Config
 *fill*         0x08002956        0x2 
 .text.startup.main
                0x08002958       0xc0 Application/User/main.o
                0x08002958                main
 .text.assert_failed
                0x08002a18        0x2 Application/User/main.o
                0x08002a18                assert_failed
 *fill*         0x08002a1a        0x2 
 .text.HAL_MspInit
                0x08002a1c       0x74 Application/User/stm32f1xx_hal_msp.o
                0x08002a1c                HAL_MspInit
 .text.NMI_Handler
                0x08002a90        0x2 Application/User/stm32f1xx_it.o
                0x08002a90                NMI_Handler
 .text.HardFault_Handler
                0x08002a92        0x2 Application/User/stm32f1xx_it.o
                0x08002a92                HardFault_Handler
 .text.MemManage_Handler
                0x08002a94        0x2 Application/User/stm32f1xx_it.o
                0x08002a94                MemManage_Handler
 .text.BusFault_Handler
                0x08002a96        0x2 Application/User/stm32f1xx_it.o
                0x08002a96                BusFault_Handler
 .text.UsageFault_Handler
                0x08002a98        0x2 Application/User/stm32f1xx_it.o
                0x08002a98                UsageFault_Handler
 .text.DebugMon_Handler
                0x08002a9a        0x2 Application/User/stm32f1xx_it.o
                0x08002a9a                DebugMon_Handler
 .text.SysTick_Handler
                0x08002a9c        0xe Application/User/stm32f1xx_it.o
                0x08002a9c                SysTick_Handler
 *fill*         0x08002aaa        0x2 
 .text.ADC1_2_IRQHandler
                0x08002aac       0x1c Application/User/stm32f1xx_it.o
                0x08002aac                ADC1_2_IRQHandler
 .text.TIM3_IRQHandler
                0x08002ac8        0xc Application/User/stm32f1xx_it.o
                0x08002ac8                TIM3_IRQHandler
 .text.HAL_TIM_PWM_MspInit
                0x08002ad4       0x3c Application/User/tim.o
                0x08002ad4                HAL_TIM_PWM_MspInit
 .text.HAL_TIM_MspPostInit
                0x08002b10       0x2c Application/User/tim.o
                0x08002b10                HAL_TIM_MspPostInit
 .text.MX_TIM3_Init
                0x08002b3c       0x5c Application/User/tim.o
                0x08002b3c                MX_TIM3_Init
 .text.Reset_Handler
                0x08002b98       0x48 Application/SW4STM32/startup_stm32f103xb.o
                0x08002b98                Reset_Handler
 .text.Default_Handler
                0x08002be0        0x2 Application/SW4STM32/startup_stm32f103xb.o
                0x08002be0                RTC_Alarm_IRQHandler
                0x08002be0                EXTI2_IRQHandler
                0x08002be0                TIM1_CC_IRQHandler
                0x08002be0                PVD_IRQHandler
                0x08002be0                PendSV_Handler
                0x08002be0                EXTI3_IRQHandler
                0x08002be0                EXTI0_IRQHandler
                0x08002be0                I2C2_EV_IRQHandler
                0x08002be0                SPI1_IRQHandler
                0x08002be0                TAMPER_IRQHandler
                0x08002be0                DMA1_Channel4_IRQHandler
                0x08002be0                USART3_IRQHandler
                0x08002be0                RTC_IRQHandler
                0x08002be0                DMA1_Channel7_IRQHandler
                0x08002be0                CAN1_RX1_IRQHandler
                0x08002be0                TIM4_IRQHandler
                0x08002be0                I2C1_EV_IRQHandler
                0x08002be0                DMA1_Channel6_IRQHandler
                0x08002be0                RCC_IRQHandler
                0x08002be0                TIM1_TRG_COM_IRQHandler
                0x08002be0                DMA1_Channel1_IRQHandler
                0x08002be0                Default_Handler
                0x08002be0                EXTI15_10_IRQHandler
                0x08002be0                EXTI9_5_IRQHandler
                0x08002be0                SPI2_IRQHandler
                0x08002be0                SVC_Handler
                0x08002be0                DMA1_Channel5_IRQHandler
                0x08002be0                EXTI4_IRQHandler
                0x08002be0                USB_LP_CAN1_RX0_IRQHandler
                0x08002be0                USB_HP_CAN1_TX_IRQHandler
                0x08002be0                DMA1_Channel3_IRQHandler
                0x08002be0                TIM1_UP_IRQHandler
                0x08002be0                WWDG_IRQHandler
                0x08002be0                TIM2_IRQHandler
                0x08002be0                TIM1_BRK_IRQHandler
                0x08002be0                EXTI1_IRQHandler
                0x08002be0                USART2_IRQHandler
                0x08002be0                I2C2_ER_IRQHandler
                0x08002be0                DMA1_Channel2_IRQHandler
                0x08002be0                CAN1_SCE_IRQHandler
                0x08002be0                FLASH_IRQHandler
                0x08002be0                USART1_IRQHandler
                0x08002be0                I2C1_ER_IRQHandler
                0x08002be0                USBWakeUp_IRQHandler
 *fill*         0x08002be2        0x2 
 .text.__libc_init_array
                0x08002be4       0x4c c:/ac6/systemworkbench/plugins/fr.ac6.mcu.externaltools.arm-none.win32_1.3.0.201507241045/tools/compiler/bin/../lib/gcc/arm-none-eabi/4.9.3/../../../../arm-none-eabi/lib/armv7-m\libc_nano.a(lib_a-init.o)
                0x08002be4                __libc_init_array
 *(.glue_7)
 .glue_7        0x00000000        0x0 linker stubs
 *(.glue_7t)
 .glue_7t       0x00000000        0x0 linker stubs
 *(.eh_frame)
 .eh_frame      0x08002c30        0x0 c:/ac6/systemworkbench/plugins/fr.ac6.mcu.externaltools.arm-none.win32_1.3.0.201507241045/tools/compiler/bin/../lib/gcc/arm-none-eabi/4.9.3/armv7-m/crtbegin.o
 *(.init)
 .init          0x08002c30        0x4 c:/ac6/systemworkbench/plugins/fr.ac6.mcu.externaltools.arm-none.win32_1.3.0.201507241045/tools/compiler/bin/../lib/gcc/arm-none-eabi/4.9.3/armv7-m/crti.o
                0x08002c30                _init
 .init          0x08002c34        0x8 c:/ac6/systemworkbench/plugins/fr.ac6.mcu.externaltools.arm-none.win32_1.3.0.201507241045/tools/compiler/bin/../lib/gcc/arm-none-eabi/4.9.3/armv7-m/crtn.o
 *(.fini)
 .fini          0x08002c3c        0x4 c:/ac6/systemworkbench/plugins/fr.ac6.mcu.externaltools.arm-none.win32_1.3.0.201507241045/tools/compiler/bin/../lib/gcc/arm-none-eabi/4.9.3/armv7-m/crti.o
                0x08002c3c                _fini
 .fini          0x08002c40        0x8 c:/ac6/systemworkbench/plugins/fr.ac6.mcu.externaltools.arm-none.win32_1.3.0.201507241045/tools/compiler/bin/../lib/gcc/arm-none-eabi/4.9.3/armv7-m/crtn.o
                0x08002c48                . = ALIGN (0x4)
                0x08002c48                _etext = .

.vfp11_veneer   0x08002c48        0x0
 .vfp11_veneer  0x00000000        0x0 linker stubs

.v4_bx          0x08002c48        0x0
 .v4_bx         0x00000000        0x0 linker stubs

.iplt           0x08002c48        0x0
 .iplt          0x00000000        0x0 c:/ac6/systemworkbench/plugins/fr.ac6.mcu.externaltools.arm-none.win32_1.3.0.201507241045/tools/compiler/bin/../lib/gcc/arm-none-eabi/4.9.3/armv7-m/crtbegin.o

.rodata         0x08002c48      0x24c
                0x08002c48                . = ALIGN (0x4)
 *(.rodata)
 .rodata        0x08002c48       0x22 Drivers/STM32F1xx_HAL_Driver/stm32f1xx_hal_rcc.o
                0x08002c5a                aAPBAHBPrescTable
 .rodata        0x08002c6a       0x12 Drivers/STM32F1xx_HAL_Driver/stm32f1xx_hal_rcc_ex.o
 *(.rodata*)
 .rodata.str1.1
                0x08002c7c       0x4b Drivers/STM32F1xx_HAL_Driver/stm32f1xx_hal_adc.o
 .rodata.str1.1
                0x08002cc7       0x4e Drivers/STM32F1xx_HAL_Driver/stm32f1xx_hal_cortex.o
 .rodata.str1.1
                0x08002d15       0x4c Drivers/STM32F1xx_HAL_Driver/stm32f1xx_hal_gpio.o
 .rodata.str1.1
                0x08002d61       0x4b Drivers/STM32F1xx_HAL_Driver/stm32f1xx_hal_rcc.o
 .rodata.str1.1
                0x08002dac       0x4e Drivers/STM32F1xx_HAL_Driver/stm32f1xx_hal_rcc_ex.o
 .rodata.str1.1
                0x08002dfa       0x4b Drivers/STM32F1xx_HAL_Driver/stm32f1xx_hal_tim.o
 .rodata.str1.1
                0x08002e45       0x4e Drivers/STM32F1xx_HAL_Driver/stm32f1xx_hal_tim_ex.o
                0x08002e94                . = ALIGN (0x4)
 *fill*         0x08002e93        0x1 

.rel.dyn        0x08002e94        0x0
 .rel.iplt      0x00000000        0x0 c:/ac6/systemworkbench/plugins/fr.ac6.mcu.externaltools.arm-none.win32_1.3.0.201507241045/tools/compiler/bin/../lib/gcc/arm-none-eabi/4.9.3/armv7-m/crtbegin.o

.ARM.extab
 *(.ARM.extab* .gnu.linkonce.armextab.*)

.ARM            0x08002e94        0x0
                0x08002e94                __exidx_start = .
 *(.ARM.exidx*)
                0x08002e94                __exidx_end = .

.preinit_array  0x08002e94        0x0
                0x08002e94                PROVIDE (__preinit_array_start, .)
 *(.preinit_array*)
                0x08002e94                PROVIDE (__preinit_array_end, .)

.init_array     0x08002e94        0x4
                0x08002e94                PROVIDE (__init_array_start, .)
 *(SORT(.init_array.*))
 *(.init_array*)
 .init_array    0x08002e94        0x4 c:/ac6/systemworkbench/plugins/fr.ac6.mcu.externaltools.arm-none.win32_1.3.0.201507241045/tools/compiler/bin/../lib/gcc/arm-none-eabi/4.9.3/armv7-m/crtbegin.o
                0x08002e98                PROVIDE (__init_array_end, .)

.fini_array     0x08002e98        0x4
                0x08002e98                PROVIDE (__fini_array_start, .)
 *(SORT(.fini_array.*))
 *(.fini_array*)
 .fini_array    0x08002e98        0x4 c:/ac6/systemworkbench/plugins/fr.ac6.mcu.externaltools.arm-none.win32_1.3.0.201507241045/tools/compiler/bin/../lib/gcc/arm-none-eabi/4.9.3/armv7-m/crtbegin.o
                0x08002e9c                PROVIDE (__fini_array_end, .)
                0x08002e9c                _sidata = LOADADDR (.data)

.data           0x20000000        0x4 load address 0x08002e9c
                0x20000000                . = ALIGN (0x4)
                0x20000000                _sdata = .
 *(.data)
 .data          0x20000000        0x4 Drivers/CMSIS/system_stm32f1xx.o
                0x20000000                SystemCoreClock
 *(.data*)
                0x20000004                . = ALIGN (0x4)
                0x20000004                _edata = .

.jcr            0x20000004        0x0 load address 0x08002ea0
 .jcr           0x20000004        0x0 c:/ac6/systemworkbench/plugins/fr.ac6.mcu.externaltools.arm-none.win32_1.3.0.201507241045/tools/compiler/bin/../lib/gcc/arm-none-eabi/4.9.3/armv7-m/crtbegin.o

.igot.plt       0x20000004        0x0 load address 0x08002ea0
 .igot.plt      0x00000000        0x0 c:/ac6/systemworkbench/plugins/fr.ac6.mcu.externaltools.arm-none.win32_1.3.0.201507241045/tools/compiler/bin/../lib/gcc/arm-none-eabi/4.9.3/armv7-m/crtbegin.o
                0x20000004                . = ALIGN (0x4)

.bss            0x20000004       0xbc load address 0x08002ea0
                0x20000004                _sbss = .
                0x20000004                __bss_start__ = _sbss
 *(.bss)
 .bss           0x20000004       0x1c c:/ac6/systemworkbench/plugins/fr.ac6.mcu.externaltools.arm-none.win32_1.3.0.201507241045/tools/compiler/bin/../lib/gcc/arm-none-eabi/4.9.3/armv7-m/crtbegin.o
 .bss           0x20000020        0x4 Drivers/STM32F1xx_HAL_Driver/stm32f1xx_hal.o
 *(.bss*)
 *(COMMON)
 COMMON         0x20000024       0x60 Application/User/adc.o
                0x20000024                hadc2
                0x20000054                hadc1
 COMMON         0x20000084       0x3c Application/User/tim.o
                0x20000084                htim3
                0x200000c0                . = ALIGN (0x4)
                0x200000c0                _ebss = .
                0x200000c0                __bss_end__ = _ebss

._user_heap_stack
                0x200000c0      0x600 load address 0x08002ea0
                0x200000c0                . = ALIGN (0x8)
                0x200000c0                PROVIDE (end, .)
                0x200000c0                PROVIDE (_end, .)
                0x200002c0                . = (. + _Min_Heap_Size)
 *fill*         0x200000c0      0x200 
                0x200006c0                . = (. + _Min_Stack_Size)
 *fill*         0x200002c0      0x400 
                0x200006c0                . = ALIGN (0x8)

/DISCARD/
 libc.a(*)
 libm.a(*)
 libgcc.a(*)

.ARM.attributes
                0x00000000       0x29
 *(.ARM.attributes)
 .ARM.attributes
                0x00000000       0x1d c:/ac6/systemworkbench/plugins/fr.ac6.mcu.externaltools.arm-none.win32_1.3.0.201507241045/tools/compiler/bin/../lib/gcc/arm-none-eabi/4.9.3/armv7-m/crti.o
 .ARM.attributes
                0x0000001d       0x2d c:/ac6/systemworkbench/plugins/fr.ac6.mcu.externaltools.arm-none.win32_1.3.0.201507241045/tools/compiler/bin/../lib/gcc/arm-none-eabi/4.9.3/armv7-m/crtbegin.o
 .ARM.attributes
                0x0000004a       0x33 Drivers/STM32F1xx_HAL_Driver/stm32f1xx_hal.o
 .ARM.attributes
                0x0000007d       0x33 Drivers/STM32F1xx_HAL_Driver/stm32f1xx_hal_adc.o
 .ARM.attributes
                0x000000b0       0x33 Drivers/STM32F1xx_HAL_Driver/stm32f1xx_hal_adc_ex.o
 .ARM.attributes
                0x000000e3       0x33 Drivers/STM32F1xx_HAL_Driver/stm32f1xx_hal_cortex.o
 .ARM.attributes
                0x00000116       0x33 Drivers/STM32F1xx_HAL_Driver/stm32f1xx_hal_gpio.o
 .ARM.attributes
                0x00000149       0x33 Drivers/STM32F1xx_HAL_Driver/stm32f1xx_hal_rcc.o
 .ARM.attributes
                0x0000017c       0x33 Drivers/STM32F1xx_HAL_Driver/stm32f1xx_hal_rcc_ex.o
 .ARM.attributes
                0x000001af       0x33 Drivers/STM32F1xx_HAL_Driver/stm32f1xx_hal_tim.o
 .ARM.attributes
                0x000001e2       0x33 Drivers/STM32F1xx_HAL_Driver/stm32f1xx_hal_tim_ex.o
 .ARM.attributes
                0x00000215       0x33 Drivers/CMSIS/system_stm32f1xx.o
 .ARM.attributes
                0x00000248       0x33 Application/User/adc.o
 .ARM.attributes
                0x0000027b       0x33 Application/User/gpio.o
 .ARM.attributes
                0x000002ae       0x33 Application/User/main.o
 .ARM.attributes
                0x000002e1       0x33 Application/User/stm32f1xx_hal_msp.o
 .ARM.attributes
                0x00000314       0x33 Application/User/stm32f1xx_it.o
 .ARM.attributes
                0x00000347       0x33 Application/User/tim.o
 .ARM.attributes
                0x0000037a       0x21 Application/SW4STM32/startup_stm32f103xb.o
 .ARM.attributes
                0x0000039b       0x1d c:/ac6/systemworkbench/plugins/fr.ac6.mcu.externaltools.arm-none.win32_1.3.0.201507241045/tools/compiler/bin/../lib/gcc/arm-none-eabi/4.9.3/armv7-m\libgcc.a(_arm_addsubsf3.o)
 .ARM.attributes
                0x000003b8       0x1d c:/ac6/systemworkbench/plugins/fr.ac6.mcu.externaltools.arm-none.win32_1.3.0.201507241045/tools/compiler/bin/../lib/gcc/arm-none-eabi/4.9.3/armv7-m\libgcc.a(_arm_muldivsf3.o)
 .ARM.attributes
                0x000003d5       0x1d c:/ac6/systemworkbench/plugins/fr.ac6.mcu.externaltools.arm-none.win32_1.3.0.201507241045/tools/compiler/bin/../lib/gcc/arm-none-eabi/4.9.3/armv7-m\libgcc.a(_arm_fixunssfsi.o)
 .ARM.attributes
                0x000003f2       0x2d c:/ac6/systemworkbench/plugins/fr.ac6.mcu.externaltools.arm-none.win32_1.3.0.201507241045/tools/compiler/bin/../lib/gcc/arm-none-eabi/4.9.3/../../../../arm-none-eabi/lib/armv7-m\libc_nano.a(lib_a-init.o)
 .ARM.attributes
                0x0000041f       0x1d c:/ac6/systemworkbench/plugins/fr.ac6.mcu.externaltools.arm-none.win32_1.3.0.201507241045/tools/compiler/bin/../lib/gcc/arm-none-eabi/4.9.3/armv7-m/crtn.o
OUTPUT(f103servo.elf elf32-littlearm)

.debug_info     0x00000000     0xed78
 .debug_info    0x00000000      0x6b4 Drivers/STM32F1xx_HAL_Driver/stm32f1xx_hal.o
 .debug_info    0x000006b4     0x147b Drivers/STM32F1xx_HAL_Driver/stm32f1xx_hal_adc.o
 .debug_info    0x00001b2f      0xf96 Drivers/STM32F1xx_HAL_Driver/stm32f1xx_hal_adc_ex.o
 .debug_info    0x00002ac5      0xcef Drivers/STM32F1xx_HAL_Driver/stm32f1xx_hal_cortex.o
 .debug_info    0x000037b4      0x81a Drivers/STM32F1xx_HAL_Driver/stm32f1xx_hal_gpio.o
 .debug_info    0x00003fce     0x17fa Drivers/STM32F1xx_HAL_Driver/stm32f1xx_hal_rcc.o
 .debug_info    0x000057c8      0x62b Drivers/STM32F1xx_HAL_Driver/stm32f1xx_hal_rcc_ex.o
 .debug_info    0x00005df3     0x43f6 Drivers/STM32F1xx_HAL_Driver/stm32f1xx_hal_tim.o
 .debug_info    0x0000a1e9     0x17bf Drivers/STM32F1xx_HAL_Driver/stm32f1xx_hal_tim_ex.o
 .debug_info    0x0000b9a8      0x3a0 Drivers/CMSIS/system_stm32f1xx.o
 .debug_info    0x0000bd48      0x9a7 Application/User/adc.o
 .debug_info    0x0000c6ef      0x181 Application/User/gpio.o
 .debug_info    0x0000c870      0xd97 Application/User/main.o
 .debug_info    0x0000d607      0x40c Application/User/stm32f1xx_hal_msp.o
 .debug_info    0x0000da13      0x7d1 Application/User/stm32f1xx_it.o
 .debug_info    0x0000e1e4      0xade Application/User/tim.o
 .debug_info    0x0000ecc2       0xb6 Application/SW4STM32/startup_stm32f103xb.o

.debug_abbrev   0x00000000     0x22d8
 .debug_abbrev  0x00000000      0x258 Drivers/STM32F1xx_HAL_Driver/stm32f1xx_hal.o
 .debug_abbrev  0x00000258      0x2be Drivers/STM32F1xx_HAL_Driver/stm32f1xx_hal_adc.o
 .debug_abbrev  0x00000516      0x2bd Drivers/STM32F1xx_HAL_Driver/stm32f1xx_hal_adc_ex.o
 .debug_abbrev  0x000007d3      0x2ee Drivers/STM32F1xx_HAL_Driver/stm32f1xx_hal_cortex.o
 .debug_abbrev  0x00000ac1      0x209 Drivers/STM32F1xx_HAL_Driver/stm32f1xx_hal_gpio.o
 .debug_abbrev  0x00000cca      0x32c Drivers/STM32F1xx_HAL_Driver/stm32f1xx_hal_rcc.o
 .debug_abbrev  0x00000ff6      0x285 Drivers/STM32F1xx_HAL_Driver/stm32f1xx_hal_rcc_ex.o
 .debug_abbrev  0x0000127b      0x2d9 Drivers/STM32F1xx_HAL_Driver/stm32f1xx_hal_tim.o
 .debug_abbrev  0x00001554      0x22c Drivers/STM32F1xx_HAL_Driver/stm32f1xx_hal_tim_ex.o
 .debug_abbrev  0x00001780      0x123 Drivers/CMSIS/system_stm32f1xx.o
 .debug_abbrev  0x000018a3      0x1b9 Application/User/adc.o
 .debug_abbrev  0x00001a5c       0xba Application/User/gpio.o
 .debug_abbrev  0x00001b16      0x298 Application/User/main.o
 .debug_abbrev  0x00001dae      0x133 Application/User/stm32f1xx_hal_msp.o
 .debug_abbrev  0x00001ee1      0x199 Application/User/stm32f1xx_it.o
 .debug_abbrev  0x0000207a      0x24c Application/User/tim.o
 .debug_abbrev  0x000022c6       0x12 Application/SW4STM32/startup_stm32f103xb.o

.debug_loc      0x00000000     0x6992
 .debug_loc     0x00000000       0x6f Drivers/STM32F1xx_HAL_Driver/stm32f1xx_hal.o
 .debug_loc     0x0000006f      0xb0e Drivers/STM32F1xx_HAL_Driver/stm32f1xx_hal_adc.o
 .debug_loc     0x00000b7d      0x81d Drivers/STM32F1xx_HAL_Driver/stm32f1xx_hal_adc_ex.o
 .debug_loc     0x0000139a      0x44c Drivers/STM32F1xx_HAL_Driver/stm32f1xx_hal_cortex.o
 .debug_loc     0x000017e6      0x4be Drivers/STM32F1xx_HAL_Driver/stm32f1xx_hal_gpio.o
 .debug_loc     0x00001ca4      0xc19 Drivers/STM32F1xx_HAL_Driver/stm32f1xx_hal_rcc.o
 .debug_loc     0x000028bd      0x3aa Drivers/STM32F1xx_HAL_Driver/stm32f1xx_hal_rcc_ex.o
 .debug_loc     0x00002c67     0x2fb9 Drivers/STM32F1xx_HAL_Driver/stm32f1xx_hal_tim.o
 .debug_loc     0x00005c20      0xb8b Drivers/STM32F1xx_HAL_Driver/stm32f1xx_hal_tim_ex.o
 .debug_loc     0x000067ab       0xab Drivers/CMSIS/system_stm32f1xx.o
 .debug_loc     0x00006856       0x66 Application/User/adc.o
 .debug_loc     0x000068bc       0x47 Application/User/main.o
 .debug_loc     0x00006903       0x8f Application/User/tim.o

.debug_aranges  0x00000000      0x9b8
 .debug_aranges
                0x00000000       0xb0 Drivers/STM32F1xx_HAL_Driver/stm32f1xx_hal.o
 .debug_aranges
                0x000000b0       0xf0 Drivers/STM32F1xx_HAL_Driver/stm32f1xx_hal_adc.o
 .debug_aranges
                0x000001a0       0x80 Drivers/STM32F1xx_HAL_Driver/stm32f1xx_hal_adc_ex.o
 .debug_aranges
                0x00000220       0x90 Drivers/STM32F1xx_HAL_Driver/stm32f1xx_hal_cortex.o
 .debug_aranges
                0x000002b0       0x58 Drivers/STM32F1xx_HAL_Driver/stm32f1xx_hal_gpio.o
 .debug_aranges
                0x00000308       0x88 Drivers/STM32F1xx_HAL_Driver/stm32f1xx_hal_rcc.o
 .debug_aranges
                0x00000390       0x30 Drivers/STM32F1xx_HAL_Driver/stm32f1xx_hal_rcc_ex.o
 .debug_aranges
                0x000003c0      0x330 Drivers/STM32F1xx_HAL_Driver/stm32f1xx_hal_tim.o
 .debug_aranges
                0x000006f0      0x138 Drivers/STM32F1xx_HAL_Driver/stm32f1xx_hal_tim_ex.o
 .debug_aranges
                0x00000828       0x28 Drivers/CMSIS/system_stm32f1xx.o
 .debug_aranges
                0x00000850       0x38 Application/User/adc.o
 .debug_aranges
                0x00000888       0x20 Application/User/gpio.o
 .debug_aranges
                0x000008a8       0x30 Application/User/main.o
 .debug_aranges
                0x000008d8       0x20 Application/User/stm32f1xx_hal_msp.o
 .debug_aranges
                0x000008f8       0x60 Application/User/stm32f1xx_it.o
 .debug_aranges
                0x00000958       0x38 Application/User/tim.o
 .debug_aranges
                0x00000990       0x28 Application/SW4STM32/startup_stm32f103xb.o

.debug_ranges   0x00000000      0xb78
 .debug_ranges  0x00000000       0xa0 Drivers/STM32F1xx_HAL_Driver/stm32f1xx_hal.o
 .debug_ranges  0x000000a0       0xe0 Drivers/STM32F1xx_HAL_Driver/stm32f1xx_hal_adc.o
 .debug_ranges  0x00000180       0x88 Drivers/STM32F1xx_HAL_Driver/stm32f1xx_hal_adc_ex.o
 .debug_ranges  0x00000208      0x118 Drivers/STM32F1xx_HAL_Driver/stm32f1xx_hal_cortex.o
 .debug_ranges  0x00000320       0x70 Drivers/STM32F1xx_HAL_Driver/stm32f1xx_hal_gpio.o
 .debug_ranges  0x00000390      0x128 Drivers/STM32F1xx_HAL_Driver/stm32f1xx_hal_rcc.o
 .debug_ranges  0x000004b8       0x68 Drivers/STM32F1xx_HAL_Driver/stm32f1xx_hal_rcc_ex.o
 .debug_ranges  0x00000520      0x3b8 Drivers/STM32F1xx_HAL_Driver/stm32f1xx_hal_tim.o
 .debug_ranges  0x000008d8      0x128 Drivers/STM32F1xx_HAL_Driver/stm32f1xx_hal_tim_ex.o
 .debug_ranges  0x00000a00       0x18 Drivers/CMSIS/system_stm32f1xx.o
 .debug_ranges  0x00000a18       0x28 Application/User/adc.o
 .debug_ranges  0x00000a40       0x28 Application/User/gpio.o
 .debug_ranges  0x00000a68       0x20 Application/User/main.o
 .debug_ranges  0x00000a88       0x30 Application/User/stm32f1xx_hal_msp.o
 .debug_ranges  0x00000ab8       0x50 Application/User/stm32f1xx_it.o
 .debug_ranges  0x00000b08       0x50 Application/User/tim.o
 .debug_ranges  0x00000b58       0x20 Application/SW4STM32/startup_stm32f103xb.o

.debug_macro    0x00000000    0x108b1
 .debug_macro   0x00000000      0x283 Drivers/STM32F1xx_HAL_Driver/stm32f1xx_hal.o
 .debug_macro   0x00000283      0x874 Drivers/STM32F1xx_HAL_Driver/stm32f1xx_hal.o
 .debug_macro   0x00000af7      0x199 Drivers/STM32F1xx_HAL_Driver/stm32f1xx_hal.o
 .debug_macro   0x00000c90       0x2e Drivers/STM32F1xx_HAL_Driver/stm32f1xx_hal.o
 .debug_macro   0x00000cbe       0x22 Drivers/STM32F1xx_HAL_Driver/stm32f1xx_hal.o
 .debug_macro   0x00000ce0       0x22 Drivers/STM32F1xx_HAL_Driver/stm32f1xx_hal.o
 .debug_macro   0x00000d02       0x44 Drivers/STM32F1xx_HAL_Driver/stm32f1xx_hal.o
 .debug_macro   0x00000d46       0x1c Drivers/STM32F1xx_HAL_Driver/stm32f1xx_hal.o
 .debug_macro   0x00000d62      0x1f7 Drivers/STM32F1xx_HAL_Driver/stm32f1xx_hal.o
 .debug_macro   0x00000f59       0x34 Drivers/STM32F1xx_HAL_Driver/stm32f1xx_hal.o
 .debug_macro   0x00000f8d       0x34 Drivers/STM32F1xx_HAL_Driver/stm32f1xx_hal.o
 .debug_macro   0x00000fc1      0xb8e Drivers/STM32F1xx_HAL_Driver/stm32f1xx_hal.o
 .debug_macro   0x00001b4f     0x69eb Drivers/STM32F1xx_HAL_Driver/stm32f1xx_hal.o
 .debug_macro   0x0000853a       0x43 Drivers/STM32F1xx_HAL_Driver/stm32f1xx_hal.o
 .debug_macro   0x0000857d     0x31c3 Drivers/STM32F1xx_HAL_Driver/stm32f1xx_hal.o
 .debug_macro   0x0000b740       0x58 Drivers/STM32F1xx_HAL_Driver/stm32f1xx_hal.o
 .debug_macro   0x0000b798       0x35 Drivers/STM32F1xx_HAL_Driver/stm32f1xx_hal.o
 .debug_macro   0x0000b7cd       0x9c Drivers/STM32F1xx_HAL_Driver/stm32f1xx_hal.o
 .debug_macro   0x0000b869       0x16 Drivers/STM32F1xx_HAL_Driver/stm32f1xx_hal.o
 .debug_macro   0x0000b87f       0x97 Drivers/STM32F1xx_HAL_Driver/stm32f1xx_hal.o
 .debug_macro   0x0000b916      0x29d Drivers/STM32F1xx_HAL_Driver/stm32f1xx_hal.o
 .debug_macro   0x0000bbb3       0xef Drivers/STM32F1xx_HAL_Driver/stm32f1xx_hal.o
 .debug_macro   0x0000bca2       0x10 Drivers/STM32F1xx_HAL_Driver/stm32f1xx_hal.o
 .debug_macro   0x0000bcb2       0x52 Drivers/STM32F1xx_HAL_Driver/stm32f1xx_hal.o
 .debug_macro   0x0000bd04       0x16 Drivers/STM32F1xx_HAL_Driver/stm32f1xx_hal.o
 .debug_macro   0x0000bd1a       0x43 Drivers/STM32F1xx_HAL_Driver/stm32f1xx_hal.o
 .debug_macro   0x0000bd5d      0x180 Drivers/STM32F1xx_HAL_Driver/stm32f1xx_hal.o
 .debug_macro   0x0000bedd       0x10 Drivers/STM32F1xx_HAL_Driver/stm32f1xx_hal.o
 .debug_macro   0x0000beed       0x22 Drivers/STM32F1xx_HAL_Driver/stm32f1xx_hal.o
 .debug_macro   0x0000bf0f       0xbd Drivers/STM32F1xx_HAL_Driver/stm32f1xx_hal.o
 .debug_macro   0x0000bfcc       0x16 Drivers/STM32F1xx_HAL_Driver/stm32f1xx_hal.o
 .debug_macro   0x0000bfe2      0x196 Drivers/STM32F1xx_HAL_Driver/stm32f1xx_hal.o
 .debug_macro   0x0000c178       0x50 Drivers/STM32F1xx_HAL_Driver/stm32f1xx_hal.o
 .debug_macro   0x0000c1c8      0x77f Drivers/STM32F1xx_HAL_Driver/stm32f1xx_hal.o
 .debug_macro   0x0000c947      0x28b Drivers/STM32F1xx_HAL_Driver/stm32f1xx_hal.o
 .debug_macro   0x0000cbd2      0x141 Drivers/STM32F1xx_HAL_Driver/stm32f1xx_hal.o
 .debug_macro   0x0000cd13      0x197 Drivers/STM32F1xx_HAL_Driver/stm32f1xx_hal.o
 .debug_macro   0x0000ceaa      0x1a7 Drivers/STM32F1xx_HAL_Driver/stm32f1xx_hal.o
 .debug_macro   0x0000d051       0x2d Drivers/STM32F1xx_HAL_Driver/stm32f1xx_hal.o
 .debug_macro   0x0000d07e       0x3c Drivers/STM32F1xx_HAL_Driver/stm32f1xx_hal.o
 .debug_macro   0x0000d0ba       0x57 Drivers/STM32F1xx_HAL_Driver/stm32f1xx_hal.o
 .debug_macro   0x0000d111      0x46a Drivers/STM32F1xx_HAL_Driver/stm32f1xx_hal.o
 .debug_macro   0x0000d57b      0x1b5 Drivers/STM32F1xx_HAL_Driver/stm32f1xx_hal.o
 .debug_macro   0x0000d730       0x8c Drivers/STM32F1xx_HAL_Driver/stm32f1xx_hal.o
 .debug_macro   0x0000d7bc      0x242 Drivers/STM32F1xx_HAL_Driver/stm32f1xx_hal.o
 .debug_macro   0x0000d9fe      0x143 Drivers/STM32F1xx_HAL_Driver/stm32f1xx_hal.o
 .debug_macro   0x0000db41      0x83e Drivers/STM32F1xx_HAL_Driver/stm32f1xx_hal.o
 .debug_macro   0x0000e37f       0x11 Drivers/STM32F1xx_HAL_Driver/stm32f1xx_hal.o
 .debug_macro   0x0000e390       0x7c Drivers/STM32F1xx_HAL_Driver/stm32f1xx_hal.o
 .debug_macro   0x0000e40c      0x27c Drivers/STM32F1xx_HAL_Driver/stm32f1xx_hal_adc.o
 .debug_macro   0x0000e688      0x271 Drivers/STM32F1xx_HAL_Driver/stm32f1xx_hal_adc_ex.o
 .debug_macro   0x0000e8f9      0x25f Drivers/STM32F1xx_HAL_Driver/stm32f1xx_hal_cortex.o
 .debug_macro   0x0000eb58      0x2cf Drivers/STM32F1xx_HAL_Driver/stm32f1xx_hal_gpio.o
 .debug_macro   0x0000ee27      0x271 Drivers/STM32F1xx_HAL_Driver/stm32f1xx_hal_rcc.o
 .debug_macro   0x0000f098      0x25f Drivers/STM32F1xx_HAL_Driver/stm32f1xx_hal_rcc_ex.o
 .debug_macro   0x0000f2f7      0x260 Drivers/STM32F1xx_HAL_Driver/stm32f1xx_hal_tim.o
 .debug_macro   0x0000f557      0x25f Drivers/STM32F1xx_HAL_Driver/stm32f1xx_hal_tim_ex.o
 .debug_macro   0x0000f7b6      0x265 Drivers/CMSIS/system_stm32f1xx.o
 .debug_macro   0x0000fa1b      0x273 Application/User/adc.o
 .debug_macro   0x0000fc8e      0x269 Application/User/gpio.o
 .debug_macro   0x0000fef7      0x289 Application/User/main.o
 .debug_macro   0x00010180      0x25f Application/User/stm32f1xx_hal_msp.o
 .debug_macro   0x000103df      0x269 Application/User/stm32f1xx_it.o
 .debug_macro   0x00010648      0x269 Application/User/tim.o

.debug_line     0x00000000     0xaac1
 .debug_line    0x00000000      0x7d5 Drivers/STM32F1xx_HAL_Driver/stm32f1xx_hal.o
 .debug_line    0x000007d5      0xdc0 Drivers/STM32F1xx_HAL_Driver/stm32f1xx_hal_adc.o
 .debug_line    0x00001595      0xbb3 Drivers/STM32F1xx_HAL_Driver/stm32f1xx_hal_adc_ex.o
 .debug_line    0x00002148      0x873 Drivers/STM32F1xx_HAL_Driver/stm32f1xx_hal_cortex.o
 .debug_line    0x000029bb      0x8f1 Drivers/STM32F1xx_HAL_Driver/stm32f1xx_hal_gpio.o
 .debug_line    0x000032ac      0xcd1 Drivers/STM32F1xx_HAL_Driver/stm32f1xx_hal_rcc.o
 .debug_line    0x00003f7d      0x7ae Drivers/STM32F1xx_HAL_Driver/stm32f1xx_hal_rcc_ex.o
 .debug_line    0x0000472b     0x245a Drivers/STM32F1xx_HAL_Driver/stm32f1xx_hal_tim.o
 .debug_line    0x00006b85      0xf74 Drivers/STM32F1xx_HAL_Driver/stm32f1xx_hal_tim_ex.o
 .debug_line    0x00007af9      0x6bb Drivers/CMSIS/system_stm32f1xx.o
 .debug_line    0x000081b4      0x6d4 Application/User/adc.o
 .debug_line    0x00008888      0x65c Application/User/gpio.o
 .debug_line    0x00008ee4      0x6f2 Application/User/main.o
 .debug_line    0x000095d6      0x668 Application/User/stm32f1xx_hal_msp.o
 .debug_line    0x00009c3e      0x708 Application/User/stm32f1xx_it.o
 .debug_line    0x0000a346      0x6bc Application/User/tim.o
 .debug_line    0x0000aa02       0xbf Application/SW4STM32/startup_stm32f103xb.o

.debug_str      0x00000000    0x61e83
 .debug_str     0x00000000    0x5f29e Drivers/STM32F1xx_HAL_Driver/stm32f1xx_hal.o
                              0x5f708 (size before relaxing)
 .debug_str     0x0005f29e      0x6c5 Drivers/STM32F1xx_HAL_Driver/stm32f1xx_hal_adc.o
                              0x5f79e (size before relaxing)
 .debug_str     0x0005f963      0x303 Drivers/STM32F1xx_HAL_Driver/stm32f1xx_hal_adc_ex.o
                              0x5f74a (size before relaxing)
 .debug_str     0x0005fc66      0x2ce Drivers/STM32F1xx_HAL_Driver/stm32f1xx_hal_cortex.o
                              0x5f70a (size before relaxing)
 .debug_str     0x0005ff34      0x473 Drivers/STM32F1xx_HAL_Driver/stm32f1xx_hal_gpio.o
                              0x5f501 (size before relaxing)
 .debug_str     0x000603a7      0x342 Drivers/STM32F1xx_HAL_Driver/stm32f1xx_hal_rcc.o
                              0x5f4b7 (size before relaxing)
 .debug_str     0x000606e9      0x123 Drivers/STM32F1xx_HAL_Driver/stm32f1xx_hal_rcc_ex.o
                              0x5f22d (size before relaxing)
 .debug_str     0x0006080c      0xe97 Drivers/STM32F1xx_HAL_Driver/stm32f1xx_hal_tim.o
                              0x60182 (size before relaxing)
 .debug_str     0x000616a3      0x4e3 Drivers/STM32F1xx_HAL_Driver/stm32f1xx_hal_tim_ex.o
                              0x5fa1c (size before relaxing)
 .debug_str     0x00061b86       0xa3 Drivers/CMSIS/system_stm32f1xx.o
                              0x5f133 (size before relaxing)
 .debug_str     0x00061c29       0x69 Application/User/adc.o
                              0x5f761 (size before relaxing)
 .debug_str     0x00061c92       0x2e Application/User/gpio.o
                              0x5f03b (size before relaxing)
 .debug_str     0x00061cc0       0x8e Application/User/main.o
                              0x5fad0 (size before relaxing)
 .debug_str     0x00061d4e       0x2e Application/User/stm32f1xx_hal_msp.o
                              0x5f37c (size before relaxing)
 .debug_str     0x00061d7c       0xc0 Application/User/stm32f1xx_it.o
                              0x5f572 (size before relaxing)
 .debug_str     0x00061e3c       0x47 Application/User/tim.o
                              0x5f8d1 (size before relaxing)

.comment        0x00000000       0x70
 .comment       0x00000000       0x70 Drivers/STM32F1xx_HAL_Driver/stm32f1xx_hal.o
                                 0x71 (size before relaxing)
 .comment       0x00000000       0x71 Drivers/STM32F1xx_HAL_Driver/stm32f1xx_hal_adc.o
 .comment       0x00000000       0x71 Drivers/STM32F1xx_HAL_Driver/stm32f1xx_hal_adc_ex.o
 .comment       0x00000000       0x71 Drivers/STM32F1xx_HAL_Driver/stm32f1xx_hal_cortex.o
 .comment       0x00000000       0x71 Drivers/STM32F1xx_HAL_Driver/stm32f1xx_hal_gpio.o
 .comment       0x00000000       0x71 Drivers/STM32F1xx_HAL_Driver/stm32f1xx_hal_rcc.o
 .comment       0x00000000       0x71 Drivers/STM32F1xx_HAL_Driver/stm32f1xx_hal_rcc_ex.o
 .comment       0x00000000       0x71 Drivers/STM32F1xx_HAL_Driver/stm32f1xx_hal_tim.o
 .comment       0x00000000       0x71 Drivers/STM32F1xx_HAL_Driver/stm32f1xx_hal_tim_ex.o
 .comment       0x00000000       0x71 Drivers/CMSIS/system_stm32f1xx.o
 .comment       0x00000000       0x71 Application/User/adc.o
 .comment       0x00000000       0x71 Application/User/gpio.o
 .comment       0x00000000       0x71 Application/User/main.o
 .comment       0x00000000       0x71 Application/User/stm32f1xx_hal_msp.o
 .comment       0x00000000       0x71 Application/User/stm32f1xx_it.o
 .comment       0x00000000       0x71 Application/User/tim.o

.debug_frame    0x00000000     0x19a0
 .debug_frame   0x00000000      0x164 Drivers/STM32F1xx_HAL_Driver/stm32f1xx_hal.o
 .debug_frame   0x00000164      0x29c Drivers/STM32F1xx_HAL_Driver/stm32f1xx_hal_adc.o
 .debug_frame   0x00000400      0x188 Drivers/STM32F1xx_HAL_Driver/stm32f1xx_hal_adc_ex.o
 .debug_frame   0x00000588      0x144 Drivers/STM32F1xx_HAL_Driver/stm32f1xx_hal_cortex.o
 .debug_frame   0x000006cc       0xf0 Drivers/STM32F1xx_HAL_Driver/stm32f1xx_hal_gpio.o
 .debug_frame   0x000007bc      0x174 Drivers/STM32F1xx_HAL_Driver/stm32f1xx_hal_rcc.o
 .debug_frame   0x00000930       0x68 Drivers/STM32F1xx_HAL_Driver/stm32f1xx_hal_rcc_ex.o
 .debug_frame   0x00000998      0x9a0 Drivers/STM32F1xx_HAL_Driver/stm32f1xx_hal_tim.o
 .debug_frame   0x00001338      0x3c0 Drivers/STM32F1xx_HAL_Driver/stm32f1xx_hal_tim_ex.o
 .debug_frame   0x000016f8       0x30 Drivers/CMSIS/system_stm32f1xx.o
 .debug_frame   0x00001728       0x78 Application/User/adc.o
 .debug_frame   0x000017a0       0x28 Application/User/gpio.o
 .debug_frame   0x000017c8       0x5c Application/User/main.o
 .debug_frame   0x00001824       0x28 Application/User/stm32f1xx_hal_msp.o
 .debug_frame   0x0000184c       0xb8 Application/User/stm32f1xx_it.o
 .debug_frame   0x00001904       0x70 Application/User/tim.o
 .debug_frame   0x00001974       0x2c c:/ac6/systemworkbench/plugins/fr.ac6.mcu.externaltools.arm-none.win32_1.3.0.201507241045/tools/compiler/bin/../lib/gcc/arm-none-eabi/4.9.3/../../../../arm-none-eabi/lib/armv7-m\libc_nano.a(lib_a-init.o)
